result code = 0
standard error = {
}
standard output = {
1 2020 0 1 
}
