type: float
0.0
0.0
0.0
1.8
1.2
0.4
2.43
1.08
0.12