result code = 0
standard error = {
}
standard output = {
{
    "parameters": [
        {
            "name": "genericPtr",
            "binding": {"kind": "uniform", "offset": 0, "size": 8},
            "type": {
                "kind": "pointer",
                "valueType": "GenericStruct"
            }
        },
        {
            "name": "outputBuffer",
            "binding": {"kind": "uniform", "offset": 8, "size": 16},
            "type": {
                "kind": "resource",
                "baseShape": "structuredBuffer",
                "access": "readWrite",
                "resultType": {
                    "kind": "scalar",
                    "scalarType": "int32"
                }
            }
        }
    ],
    "entryPoints": [
        {
            "name": "computeMain",
            "stage": "compute",
            "parameters": [
                {
                    "name": "dispatchThreadID",
                    "semanticName": "SV_DISPATCHTHREADID",
                    "type": {
                        "kind": "vector",
                        "elementCount": 3,
                        "elementType": {
                            "kind": "scalar",
                            "scalarType": "uint32"
                        }
                    }
                }
            ],
            "threadGroupSize": [4, 1, 1]
        }
    ]
}
}
