0
A100000E
A200000E
A300000E
0
A100010A
0
A300010A
0
0
A2000204
0
0
A100030E
A200030E
A300030E
A000040F
A100040F
A200040F
A300040F
0
0
0
A3010108
0
0
A2010204
0
0
0
A201030C
A301030C
0
0
0
A3020008
0
0
0
A3020108
0
0
0
0
0
0
0
A3020308
0
0
0
0
0
0
0
0
0
0
0
0
0
0
0
0
0
0
0
0
0
0
0
0
0
0
0
0
0
0
0
0
0
0
0
0
0
0
0
0
0
0
0
0
0
0
0
0
0
0
0
0
0
0
0
0
0
0
0
0
