0
E
E
E
0
0
C
C
0
0
0
8
0
0
0
0
F
F
F
F
0
0
0
0
0
0
0
