result code = 0
standard error = {
}
standard output = {
{
    "parameters": [
        {
            "name": "t0",
            "binding": {"kind": "descriptorTableSlot", "index": 0},
            "type": {
                "kind": "resource",
                "baseShape": "texture2D"
            }
        },
        {
            "name": "t1",
            "binding": {"kind": "descriptorTableSlot", "index": 1},
            "type": {
                "kind": "resource",
                "baseShape": "texture2D"
            }
        }
    ],
    "entryPoints": [
        {
            "name": "main",
            "stage:": "fragment",
            "result:": {
                "stage": "fragment",
                "binding": {"kind": "varyingOutput", "index": 0},
                "semanticName": "SV_TARGET",
                "type": {
                    "kind": "vector",
                    "elementCount": 4,
                    "elementType": {
                        "kind": "scalar",
                        "scalarType": "float32"
                    }
                }
            },
            "bindings": [
                {
                    "name": "t0",
                    "binding": {"kind": "descriptorTableSlot", "index": 0, "used": 0}
                },
                {
                    "name": "t1",
                    "binding": {"kind": "descriptorTableSlot", "index": 1, "used": 0}
                }
            ]
        }
    ]
}
}
