type: float
-7.000000
-9.000000
9.000000
11.000000
-8.000000
10.000000
-10.000000
12.000000