type: float
1.000000
1.118034
1.250000
0.500000
0.111803
0.250000
0.500000
0.111803
0.250000
