result code = 0
standard error = {
}
standard output = {
#version 450
#extension GL_EXT_spirv_intrinsics : require
layout(row_major) uniform;
layout(row_major) buffer;
spirv_instruction(id = 256)
void livenessStart_0(spirv_by_reference int  _0[3], spirv_literal int _1);

spirv_instruction(id = 256)
void livenessStart_1(spirv_by_reference int _0, spirv_literal int _1);

spirv_instruction(id = 257)
void livenessEnd_0(spirv_by_reference int _0, spirv_literal int _1);

spirv_instruction(id = 257)
void livenessEnd_1(spirv_by_reference int  _0[3], spirv_literal int _1);

int calcThing_0(int offset_0)
{
    int  idx_0[3];
    livenessStart_0(idx_0, 0);
    int i_0;
    livenessStart_1(i_0, 0);
    i_0 = 0;
    for(;;)
    {
        if(i_0 < 3)
        {
        }
        else
        {
            break;
        }
        idx_0[i_0] = offset_0 + i_0;
        i_0 = i_0 + 1;
    }
    livenessEnd_0(i_0, 0);
    int _S1 = idx_0[0] + idx_0[1];
    int _S2 = idx_0[2];
    livenessEnd_1(idx_0, 0);
    return _S1 + _S2;
}

layout(std430, binding = 0) buffer _S3 {
    int _data[];
} outputBuffer_0;
layout(local_size_x = 4, local_size_y = 1, local_size_z = 1) in;
void main()
{
    int index_0 = int(gl_GlobalInvocationID.x);
    uint _S4 = uint(index_0);
    int _S5 = calcThing_0(index_0);
    ((outputBuffer_0)._data[(_S4)]) = _S5;
    return;
}

}
