result code = -1
standard error = {
glslang: ERROR: tests/cross-compile/glslang-error.glsl:6: '' :  syntax error, unexpected SEMICOLON
ERROR: 1 compilation errors.  No code generated.

}
standard output = {
}
