result code = -1
standard error = {
tests/diagnostics/illegal-character.slang(4): error 10000: illegal character '`'
`
^
}
standard output = {
}
