type: float
58.000000
4.000000
58.000000
4.000000
36.000000
