type: float
1.000000
3.000000
0.000000
0.000000
0.000000

