type: int32_t
1
1
1
1
1
1
1
1
1
1
1
1
1
1
1
1
1
1
1
1
1
1
1
1
1
1
1
1
1
1
1
1
4
1
3
1
3
2
4
1
3
1
3
2
3
1
1
4
1
3
1
3
2
4
1
3
1
3
2
3
1
1
4
1
3
1
3
2
4
1
3
1
3
2
3
1
1
4
1
3
1
3
2
4
1
3
1
3
2
3
1
1
