type: float
11.000000
22.000000
33.000000
1.000000
