type: float
-0.410156
-0.910156
0.410156
-0.910156
-0.140625
-0.988281
0.140625
-0.988281
