type: float
-905.656372
-297.479736
391.015503
1094.042358
