type: double
-105.150000
-46.277573
13.888270
74.493383
