result code = 0
standard error = {
}
standard output = {
#version 460
#extension GL_EXT_ray_tracing : require
#extension GL_NV_shader_invocation_reorder : require
layout(row_major) uniform;
layout(row_major) buffer;
layout(std430, binding = 0) buffer _S1 {
    uint _data[];
} outputBuffer_0;
void main()
{
    uvec3 _S2 = ((gl_LaunchIDEXT));
    ivec2 launchID_0 = ivec2(_S2.xy);
    uvec3 _S3 = ((gl_LaunchSizeEXT));
    int idx_0 = launchID_0.x;
    hitObjectNV hitObj_0;
    hitObjectRecordEmptyNV((hitObj_0));
    uint _S4 = uint(idx_0);
    bool _S5 = (hitObjectIsEmptyNV((hitObj_0)));
    uint _S6 = uint(_S5);
    ((outputBuffer_0)._data[(_S4)]) = _S6;
    return;
}

}
